// Jest Snapshot v1, https://goo.gl/fbAQLP

exports[`<LoadingWall /> should render without error 1`] = `
<loadingWall
  loading={true}
/>
`;
