// Jest Snapshot v1, https://goo.gl/fbAQLP

exports[`<LoadingCard /> should render without error 1`] = `
<div
  className="sc-AykKC fJIIWK"
>
  <span>
    <span
      className="css-19bon8n react-loading-skeleton"
      style={
        Object {
          "animation": "animation-16jpnkj 1.2s ease-in-out infinite",
          "height": 280,
        }
      }
    >
      â€Œ
    </span>
  </span>
</div>
`;
